ΓÜá Warning: Next.js inferred your workspace root, but it may not be correct.
 We detected multiple lockfiles and selected the directory of C:\Users\dhanu\package-lock.json as the root directory.
 To silence this warning, set `turbopack.root` in your Next.js config, or consider removing one of the lockfiles if it's not needed.
   See https://nextjs.org/docs/app/api-reference/config/next-config-js/turbopack#root-directory for more information.
 Detected additional lockfiles: 
   * C:\Users\dhanu\OneDrive\Desktop\Emotion_AI\myapp\package-lock.json
   * C:\Users\dhanu\OneDrive\Desktop\Emotion_AI\package-lock.json

Γû▓ Next.js 16.1.6 (Turbopack)
- Environments: .env.local

  Creating an optimized production build ...
Γ£ô Compiled successfully in 7.1s
  Running TypeScript ...
  Collecting page data using 11 workers ...
  Generating static pages using 11 workers (0/7) ...
  Generating static pages using 11 workers (1/7) 
  Generating static pages using 11 workers (3/7) 
  Generating static pages using 11 workers (5/7) 
Γ£ô Generating static pages using 11 workers (7/7) in 698.0ms
  Finalizing page optimization ...

Route (app)
Γöî Γùï /
Γö£ Γùï /_not-found
Γö£ Γùï /about
Γö£ Γùï /companion
Γöö Γùï /login


Γùï  (Static)  prerendered as static content

